[htmldemo.net/consultix/consultix/index.html]
[backblue.gif]
[fade.gif]
[index.html]
[htmldemo.net/consultix/consultix/Replace_with_your_PAGE_URL]
[htmldemo.net/consultix/consultix/css/bootstrap.min.css]
[htmldemo.net/consultix/consultix/css/main.css]
[htmldemo.net/consultix/consultix/css/responsive.css]
[htmldemo.net/consultix/consultix/images/favicon.png]
[htmldemo.net/consultix/consultix/contact.html]
[htmldemo.net/consultix/consultix/images/logo.png]
[htmldemo.net/consultix/consultix/about.html]
[htmldemo.net/consultix/consultix/service-detail.html]
[htmldemo.net/consultix/consultix/service.html]
[htmldemo.net/consultix/consultix/project.html]
[htmldemo.net/consultix/consultix/project-details.html]
[htmldemo.net/consultix/consultix/blog.html]
[htmldemo.net/consultix/consultix/blog-detail.html]
[htmldemo.net/consultix/consultix/images/about/home-about.png]
[htmldemo.net/consultix/consultix/images/gallery/2.jpg]
[htmldemo.net/consultix/consultix/images/gallery/3.jpg]
[htmldemo.net/consultix/consultix/images/gallery/4.jpg]
[htmldemo.net/consultix/consultix/images/gallery/1.jpg]
[htmldemo.net/consultix/consultix/images/clients/1.png]
[htmldemo.net/consultix/consultix/images/clients/2.png]
[htmldemo.net/consultix/consultix/images/clients/3.png]
[htmldemo.net/consultix/consultix/images/clients/4.png]
[htmldemo.net/consultix/consultix/images/clients/5.png]
[htmldemo.net/consultix/consultix/images/resource/team-1.jpg]
[htmldemo.net/consultix/consultix/images/resource/team-2.jpg]
[htmldemo.net/consultix/consultix/images/resource/team-3.jpg]
[htmldemo.net/consultix/consultix/images/resource/news-1.jpg]
[htmldemo.net/consultix/consultix/images/resource/news-2.jpg]
[htmldemo.net/consultix/consultix/images/resource/news-3.jpg]
[www.google-analytics.com/analytics.js]
[htmldemo.net/consultix/consultix/js/vendor/modernizr-3.6.0.min.js]
[htmldemo.net/consultix/consultix/js/vendor/jquery-migrate-3.3.2.min.js]
[htmldemo.net/consultix/consultix/js/vendor/jquery-3.6.0.min.js]
[htmldemo.net/consultix/consultix/js/bootstrap.min.js]
[htmldemo.net/consultix/consultix/js/jquery.mCustomScrollbar.concat.min.js]
[htmldemo.net/consultix/consultix/js/appear.js]
[htmldemo.net/consultix/consultix/js/jquery.fancybox.js]
[htmldemo.net/consultix/consultix/js/owl.js]
[htmldemo.net/consultix/consultix/js/wow.js]
[htmldemo.net/consultix/consultix/js/parallax.min.js]
[htmldemo.net/consultix/consultix/js/tilt.jquery.min.js]
[htmldemo.net/consultix/consultix/js/jquery.paroller.min.js]
[htmldemo.net/consultix/consultix/index.html]
[htmldemo.net/consultix/consultix/Replace_with_your_PAGE_URL.html]
[htmldemo.net/consultix/consultix/css/bootstrap.min.css]
[htmldemo.net/consultix/consultix/js/script.js]
[htmldemo.net/consultix/consultix/js/jquery-ui.js]
[htmldemo.net/consultix/consultix/css/animate.css]
[htmldemo.net/consultix/consultix/css/owl.css]
[htmldemo.net/consultix/consultix/css/elegenticon.css]
[htmldemo.net/consultix/consultix/css/linearicons.css]
[htmldemo.net/consultix/consultix/css/jquery-ui.css]
[htmldemo.net/consultix/consultix/css/animation.css]
[htmldemo.net/consultix/consultix/css/icofont.min.css]
[htmldemo.net/consultix/consultix/css/themify-icons.css]
[htmldemo.net/consultix/consultix/css/simple-line-icons.css]
[htmldemo.net/consultix/consultix/css/fontawesome.min.css]
[htmldemo.net/consultix/consultix/css/jquery.fancybox.min.css]
[htmldemo.net/consultix/consultix/css/jquery.mCustomScrollbar.min.css]
[htmldemo.net/consultix/consultix/fonts/icofont.woff]
[htmldemo.net/consultix/consultix/fonts/icofont.eot]
[htmldemo.net/consultix/consultix/fonts/icofontd41d.eot]
[htmldemo.net/consultix/consultix/fonts/icofont.ttf]
[htmldemo.net/consultix/consultix/fonts/simple-Line-Icons.eot]
[htmldemo.net/consultix/consultix/fonts/simple-Line-Iconsd41d.eot]
[htmldemo.net/consultix/consultix/fonts/simple-Line-Icons.woff]
[htmldemo.net/consultix/consultix/fonts/simple-Line-Icons.ttf]
[htmldemo.net/consultix/consultix/fonts/icofont.svg]
[htmldemo.net/consultix/consultix/fonts/simple-Line-Icons.svg]
[htmldemo.net/consultix/consultix/fonts/themify9f24.woff]
[htmldemo.net/consultix/consultix/fonts/themify9f24.eot]
[htmldemo.net/consultix/consultix/fonts/themifyd41d.eot]
[htmldemo.net/consultix/consultix/fonts/themify9f24.ttf]
[htmldemo.net/consultix/consultix/fonts/themify9f24.svg]
[htmldemo.net/consultix/consultix/fonts/SignericaMedium.eot]
[htmldemo.net/consultix/consultix/fonts/SignericaMedium.woff]
[htmldemo.net/consultix/consultix/fonts/SignericaMediumd41d.eot]
[htmldemo.net/consultix/consultix/fonts/SignericaMedium.ttf]
[htmldemo.net/consultix/consultix/images/icons/waves-shape.png]
[htmldemo.net/consultix/consultix/css/main.css]
[htmldemo.net/consultix/consultix/css/responsive.css]
[htmldemo.net/consultix/consultix/contact.html]
[htmldemo.net/consultix/consultix/fonts/SignericaMedium.svg]
[htmldemo.net/consultix/consultix/js/validate.js]
[htmldemo.net/consultix/consultix/images/background/1.jpg]
[htmldemo.net/consultix/consultix/about.html]
[htmldemo.net/consultix/consultix/service.html]
[htmldemo.net/consultix/consultix/images/resource/service-1.jpg]
[htmldemo.net/consultix/consultix/images/resource/graph.jpg]
[htmldemo.net/consultix/consultix/service-detail.html]
[htmldemo.net/consultix/consultix/project.html]
[htmldemo.net/consultix/consultix/images/project/project-1.jpg]
[htmldemo.net/consultix/consultix/images/project/project-3.jpg]
[htmldemo.net/consultix/consultix/images/project/project-4.jpg]
[htmldemo.net/consultix/consultix/images/project/project-2.jpg]
[htmldemo.net/consultix/consultix/project-details.html]
[htmldemo.net/consultix/consultix/images/resource/news-4.jpg]
[htmldemo.net/consultix/consultix/images/resource/news-5.jpg]
[htmldemo.net/consultix/consultix/images/resource/news-6.jpg]
[htmldemo.net/consultix/consultix/images/resource/news-7.jpg]
[htmldemo.net/consultix/consultix/images/resource/news-8.jpg]
[htmldemo.net/consultix/consultix/blog-single.html]
[htmldemo.net/consultix/consultix/images/resource/post-thumb-1.jpg]
[htmldemo.net/consultix/consultix/images/resource/post-thumb-2.jpg]
[htmldemo.net/consultix/consultix/images/resource/post-thumb-3.jpg]
[htmldemo.net/consultix/consultix/blog.html]
[htmldemo.net/consultix/consultix/images/resource/news-9.jpg]
[htmldemo.net/consultix/consultix/images/resource/news-10.jpg]
[htmldemo.net/consultix/consultix/blog-detail.html]
[htmldemo.net/consultix/consultix/css/animate.css]
[htmldemo.net/consultix/consultix/css/owl.video.play.png]
[htmldemo.net/consultix/consultix/css/owl.css]
[htmldemo.net/consultix/consultix/fonts/ElegantIcons.eot]
[htmldemo.net/consultix/consultix/fonts/ElegantIconsd41d.eot]
[htmldemo.net/consultix/consultix/fonts/ElegantIcons.woff]
[htmldemo.net/consultix/consultix/fonts/ElegantIcons.ttf]
[htmldemo.net/consultix/consultix/css/elegenticon.css]
[htmldemo.net/consultix/consultix/fonts/Linearicons-Free54e9.eot]
[htmldemo.net/consultix/consultix/fonts/ElegantIcons.svg]
[htmldemo.net/consultix/consultix/fonts/Linearicons-Free54e9.woff2]
[htmldemo.net/consultix/consultix/fonts/Linearicons-Freed41d.eot]
[htmldemo.net/consultix/consultix/fonts/Linearicons-Free54e9.woff]
[htmldemo.net/consultix/consultix/fonts/Linearicons-Free54e9.ttf]
[htmldemo.net/consultix/consultix/css/linearicons.css]
[htmldemo.net/consultix/consultix/fonts/Linearicons-Free54e9.svg]
[htmldemo.net/consultix/consultix/css/images/ui-icons_444444_256x240.png]
[htmldemo.net/consultix/consultix/css/images/ui-icons_777620_256x240.png]
[htmldemo.net/consultix/consultix/css/images/ui-icons_cc0000_256x240.png]
[htmldemo.net/consultix/consultix/css/images/ui-icons_777777_256x240.png]
[htmldemo.net/consultix/consultix/css/jquery-ui.css]
[htmldemo.net/consultix/consultix/css/animation.css]
[htmldemo.net/consultix/consultix/css/fonts/icofont.woff2]
[htmldemo.net/consultix/consultix/css/fonts/icofont.woff]
[htmldemo.net/consultix/consultix/css/icofont.min.css]
[htmldemo.net/consultix/consultix/css/fonts/themify9f24.eot]
[htmldemo.net/consultix/consultix/css/fonts/themifyd41d.eot]
[htmldemo.net/consultix/consultix/css/fonts/themify9f24.woff]
[htmldemo.net/consultix/consultix/css/fonts/themify9f24.ttf]
[htmldemo.net/consultix/consultix/css/fonts/themify9f24.svg]
[htmldemo.net/consultix/consultix/css/themify-icons.css]
[htmldemo.net/consultix/consultix/fonts/Simple-Line-Iconsb26c.eot]
[htmldemo.net/consultix/consultix/fonts/Simple-Line-Iconsb26c.woff2]
[htmldemo.net/consultix/consultix/fonts/Simple-Line-Iconsb26c.ttf]
[htmldemo.net/consultix/consultix/fonts/Simple-Line-Iconsb26c.woff]
[htmldemo.net/consultix/consultix/fonts/Simple-Line-Iconsb26c.svg]
[htmldemo.net/consultix/consultix/css/simple-line-icons.css]
[htmldemo.net/consultix/consultix/fonts/fa-brands-400.eot]
[htmldemo.net/consultix/consultix/fonts/fa-brands-400d41d.eot]
[htmldemo.net/consultix/consultix/fonts/fa-brands-400.woff2]
[htmldemo.net/consultix/consultix/fonts/fa-brands-400.woff]
[htmldemo.net/consultix/consultix/fonts/fa-brands-400.ttf]
[htmldemo.net/consultix/consultix/fonts/fa-regular-400.eot]
[htmldemo.net/consultix/consultix/fonts/fa-regular-400d41d.eot]
[htmldemo.net/consultix/consultix/fonts/fa-regular-400.woff2]
[htmldemo.net/consultix/consultix/fonts/fa-brands-400.svg]
[htmldemo.net/consultix/consultix/fonts/fa-regular-400.woff]
[htmldemo.net/consultix/consultix/fonts/fa-regular-400.ttf]
[htmldemo.net/consultix/consultix/fonts/fa-regular-400.svg]
[htmldemo.net/consultix/consultix/fonts/fa-solid-900.woff2]
[htmldemo.net/consultix/consultix/fonts/fa-solid-900d41d.eot]
[htmldemo.net/consultix/consultix/fonts/fa-solid-900.eot]
[htmldemo.net/consultix/consultix/fonts/fa-solid-900.woff]
[htmldemo.net/consultix/consultix/fonts/fa-solid-900.ttf]
[htmldemo.net/consultix/consultix/css/fontawesome.min.css]
[htmldemo.net/consultix/consultix/css/jquery.fancybox.min.css]
[htmldemo.net/consultix/consultix/css/mCSB_buttons.html]
[htmldemo.net/consultix/consultix/css/jquery.mCustomScrollbar.min.css]
[htmldemo.net/consultix/consultix/fonts/icofont.svg]
[htmldemo.net/consultix/consultix/fonts/simple-Line-Icons.svg]
[htmldemo.net/consultix/consultix/fonts/themify9f24.svg]
[htmldemo.net/consultix/consultix/fonts/SignericaMedium.svg]
[htmldemo.net/consultix/consultix/blog-single.html]
[htmldemo.net/consultix/consultix/css/owl.video.play.html]
[htmldemo.net/consultix/consultix/fonts/ElegantIcons.svg]
[htmldemo.net/consultix/consultix/fonts/Linearicons-Free54e9.svg]
[htmldemo.net/consultix/consultix/css/images/ui-icons_444444_256x240.html]
[htmldemo.net/consultix/consultix/css/images/ui-icons_777620_256x240.html]
[htmldemo.net/consultix/consultix/css/images/ui-icons_cc0000_256x240.html]
[htmldemo.net/consultix/consultix/css/images/ui-icons_777777_256x240.html]
[htmldemo.net/consultix/consultix/css/fonts/icofont.html]
[htmldemo.net/consultix/consultix/css/fonts/icofont-2.html]
[htmldemo.net/consultix/consultix/css/fonts/themify9f24.html]
[htmldemo.net/consultix/consultix/css/fonts/themifyd41d.html]
[htmldemo.net/consultix/consultix/css/fonts/themify9f24-2.html]
[htmldemo.net/consultix/consultix/css/fonts/themify9f24-3.html]
[htmldemo.net/consultix/consultix/css/fonts/themify9f24-4.html]
[htmldemo.net/consultix/consultix/fonts/Simple-Line-Iconsb26c.html]
[htmldemo.net/consultix/consultix/fonts/Simple-Line-Iconsb26c-2.html]
[htmldemo.net/consultix/consultix/fonts/Simple-Line-Iconsb26c-3.html]
[htmldemo.net/consultix/consultix/fonts/Simple-Line-Iconsb26c-4.html]
[htmldemo.net/consultix/consultix/fonts/Simple-Line-Iconsb26c-5.html]
[htmldemo.net/consultix/consultix/fonts/fa-brands-400.svg]
[htmldemo.net/consultix/consultix/fonts/fa-regular-400.svg]
[htmldemo.net/consultix/consultix/fonts/fa-solid-900.svg]
[htmldemo.net/consultix/consultix/fonts/fa-solid-900.svg]
[htmldemo.net/consultix/consultix/css/mCSB_buttons.html]
